DOWNLOADED world vw_cap 2063724
DOWNLOADED world_ex_us vw_cap 1003911
DOWNLOADED developed vw_cap 960335
DOWNLOADED emerging vw_cap 834302
DOWNLOADED frontier vw_cap 337143
DOWNLOADED usa vw_cap 2674337
DOWNLOADED gbr vw_cap 1235297
DOWNLOADED jpn vw_cap 1207935
DOWNLOADED can vw_cap 1372342
DOWNLOADED aus vw_cap 1099578
DOWNLOADED deu vw_cap 1086861
DOWNLOADED fra vw_cap 1080328
DOWNLOADED che vw_cap 998827
DOWNLOADED hkg vw_cap 1105308
DOWNLOADED nld vw_cap 1002164
DOWNLOADED swe vw_cap 1057811
DOWNLOADED ita vw_cap 1017009
DOWNLOADED esp vw_cap 984148
DOWNLOADED sgp vw_cap 1043171
DOWNLOADED kor vw_cap 962031
DOWNLOADED bra vw_cap 729890
DOWNLOADED ind vw_cap 894891
DOWNLOADED chn vw_cap 922628
DOWNLOADED zaf vw_cap 1021157
DOWNLOADED usa vw 2663050
DOWNLOADED usa ew 2659718
DONE world_vwcap
DONE world_ex_us_vwcap
DONE developed_vwcap
DONE emerging_vwcap
DONE usa_vwcap
DONE gbr_vwcap
DONE jpn_vwcap
DONE can_vwcap
DONE aus_vwcap
DONE deu_vwcap
DONE fra_vwcap
DONE che_vwcap
DONE hkg_vwcap
DONE nld_vwcap
DONE swe_vwcap
DONE ind_vwcap
DONE usa_vw
DONE usa_ew
# Conservative-to-consensus Gate stress

Eligible comparisons: **44** across **18 datasets**.

The factor library is the previously frozen 40-factor set. `cons_mean` and `cons_stack` never expand beyond the median of old/recent/all predeployment complexity choices, so additional complexity requires support from at least two temporal views.

## Aggregate

```
            comparisons  datasets  avg_gainQ  median_gainQ  avg_sr  avg_delta_sr    avg_C  avg_cancel  positive_year_frac
selector                                                                                                                 
stack3               44        18     0.0726        0.0469  1.1205        0.5621  13.8987      1.8698              0.6311
cons_mean            44        18     0.0706        0.0439  1.1002        0.5419  13.1661      1.8748              0.6260
cons_stack           44        18     0.0701        0.0451  1.1082        0.5499  13.5005      1.8869              0.6221
gate2                44        18     0.0693        0.0423  1.0803        0.5220  12.4934      1.8557              0.5970
median3              44        18     0.0675        0.0395  1.1076        0.5493  13.8388      1.8940              0.6175
current              44        18     0.0508        0.0213  1.0568        0.4985  15.0109      1.9353              0.6023
```

## Wins/losses vs current

```
            q_wins  q_losses  sr_wins  sr_losses
selector                                        
cons_mean       31        11       25         17
cons_stack      31        11       27         15
current          0         0        0          0
gate2           29        11       18         22
median3         30        12       27         15
stack3          36         8       33         11
```

## Annual diagnostics

Mean Gate2-to-consensus grid gap: 1.403.
Mean cons-stack weight on Gate2: 0.840.

## Skipped

```
            dataset                             reason
emerging_vwcap_T240 ValueError('insufficient history')
     frontier_vwcap           missing 2 frozen factors
     aus_vwcap_T120 ValueError('insufficient history')
     aus_vwcap_T240 ValueError('insufficient history')
     che_vwcap_T240 ValueError('insufficient history')
     hkg_vwcap_T240 ValueError('insufficient history')
     nld_vwcap_T120 ValueError('insufficient history')
     nld_vwcap_T240 ValueError('insufficient history')
     swe_vwcap_T240 ValueError('insufficient history')
          ita_vwcap      usable suffix only 224 months
          esp_vwcap      usable suffix only 224 months
          sgp_vwcap      usable suffix only 101 months
          kor_vwcap      usable suffix only 176 months
          bra_vwcap      usable suffix only 212 months
     ind_vwcap_T120 ValueError('insufficient history')
     ind_vwcap_T240 ValueError('insufficient history')
          chn_vwcap      usable suffix only 188 months
          zaf_vwcap      usable suffix only 230 months
```
